a
b
i 0 j 0
i 0 j 1
i 0 j 2
end j
i 1 j 0
i 1 j 1
i 1 j 2
end j
i 2 j 0
i 2 j 1
i 2 j 2
end j
c
