colors:
-red
-green
-blue
nothing:
numbers:
-one
-two
-three
-four